
> blueox-management-system@2.0.0 build
> next build

   Ôû▓ Next.js 15.5.9
   - Environments: .env.local
   - Experiments (use with caution):
     ┬À serverActions

   Creating an optimized production build ...
node.exe : Failed to compile.
At line:1 char:1
+ & "C:\Program Files\nodejs/node.exe" "C:\Program Files\nodejs/node_mo ...
+ ~~~~~~~~~~~~~~~~~~~~~~~~~~~~~~~~~~~~~~~~~~~~~~~~~~~~~~~~~~~~~~~~~~~~~
    + CategoryInfo          : NotSpecified: (Failed to compile.:String) [], Re 
   moteException
    + FullyQualifiedErrorId : NativeCommandError
 

./src/app/dashboard/inventory/products/page.tsx
Error:   [31mx[0m Expected '</', got 'products'
     ,-[[36;1;4mC:\Users\HP\Desktop\internal-business-system\src\app\dashboard
\inventory\products\page.tsx[0m:154:1]
 [2m151[0m |                 currency: 'USD',
 [2m152[0m |               }).format(
 [2m153[0m |                 products.reduce((sum, p) => sum + 
p.quantity_in_stock * p.unit_price, 0)
 [2m154[0m |                 products.reduce((sum, p) => sum + 
p.quantity_on_hand * p.unit_price, 0)
     : [35;1m                ^^^^^^^^[0m
 [2m155[0m |               )}
 [2m156[0m |             </div>
 [2m156[0m |           </div>
     `----

Caused by:
    Syntax Error

Import trace for requested module:
./src/app/dashboard/inventory/products/page.tsx


> Build failed because of webpack errors
